[0m23:59:31.461402 [debug] [MainThread]: Sending event: {'category': 'dbt', 'action': 'invocation', 'label': 'start', 'context': [<snowplow_tracker.self_describing_json.SelfDescribingJson object at 0x749bf13bdc90>, <snowplow_tracker.self_describing_json.SelfDescribingJson object at 0x749bef357c40>, <snowplow_tracker.self_describing_json.SelfDescribingJson object at 0x749bef357cd0>]}


============================== 23:59:31.472926 | e582a421-03b3-4740-a261-9f151c41754d ==============================
[0m23:59:31.472926 [info ] [MainThread]: Running with dbt=1.6.1
[0m23:59:31.473742 [debug] [MainThread]: running dbt with arguments {'invocation_command': 'dbt init', 'printer_width': '80', 'debug': 'False', 'version_check': 'True', 'write_json': 'True', 'use_colors': 'True', 'fail_fast': 'False', 'log_path': 'logs', 'log_format': 'default', 'log_cache_events': 'False', 'no_print': 'None', 'introspect': 'True', 'target_path': 'None', 'use_experimental_parser': 'False', 'static_parser': 'True', 'profiles_dir': '/home/vscode/.dbt', 'indirect_selection': 'eager', 'partial_parse': 'True', 'warn_error': 'None', 'warn_error_options': 'WarnErrorOptions(include=[], exclude=[])', 'send_anonymous_usage_stats': 'True', 'cache_selected_only': 'False', 'quiet': 'False'}
[0m23:59:31.474851 [warn ] [MainThread]: [ConfigFolderDirectory]: Unable to parse dict {'dir': PosixPath('/home/vscode/.dbt')}
[0m23:59:31.475669 [info ] [MainThread]: Creating dbt configuration folder at 
[0m23:59:53.297041 [debug] [MainThread]: Starter project path: /home/vscode/.local/lib/python3.10/site-packages/dbt/include/starter_project
[0m23:59:53.306075 [info ] [MainThread]: 
Your new dbt project "nyc_parking_violations" was created!

For more information on how to configure the profiles.yml file,
please consult the dbt documentation here:

  https://docs.getdbt.com/docs/configure-your-profile

One more thing:

Need help? Don't hesitate to reach out to us via GitHub issues or on Slack:

  https://community.getdbt.com/

Happy modeling!

[0m23:59:53.306660 [info ] [MainThread]: Setting up your profile.
[0m00:00:00.067275 [info ] [MainThread]: No sample profile found for duckdb.
[0m00:00:00.068108 [debug] [MainThread]: Command `dbt init` succeeded at 00:00:00.067938 after 28.61 seconds
[0m00:00:00.068568 [debug] [MainThread]: Sending event: {'category': 'dbt', 'action': 'invocation', 'label': 'end', 'context': [<snowplow_tracker.self_describing_json.SelfDescribingJson object at 0x749bf13bdc90>, <snowplow_tracker.self_describing_json.SelfDescribingJson object at 0x749bef21ee60>, <snowplow_tracker.self_describing_json.SelfDescribingJson object at 0x749bef21ee90>]}
[0m00:00:00.069071 [debug] [MainThread]: Flushing usage events
